{"tool":"phpunit","result":"passed","tests":2,"passed":2,"assertions":10,"duration_ms":2208}
