{"tool":"phpunit","result":"failed","tests":4,"passed":3,"assertions":14,"duration_ms":3261,"failed":1,"failures":[{"test":"Tests\\Feature\\AuthFlowTest::test_user_can_register","file":"C:\\xampp\\htdocs\\laravel-projects\\e-commerce-api\\tests\\Feature\\AuthFlowTest.php","line":20,"message":"Expected response status code [200] but received 500.\nFailed asserting that 500 is identical to 200.\r\n\r\nThe following exception occurred during the last request:\n\nSpatie\\Permission\\Exceptions\\RoleDoesNotExist: There is no role named `customer` for guard `api`. in C:\\xampp\\htdocs\\laravel-projects\\e-commerce-api\\vendor\\spatie\\laravel-permission\\src\\Exceptions\\RoleDoesNotExist.php:11\nStack trace:\n#0 C:\\xampp\\htdocs\\laravel-projects\\e-commerce-api\\vendor\\spatie\\laravel-permission\\src\\Models\\Role.php(126): Spatie\\Permission\\Exceptions\\RoleDoesNotExist::named()\n#1 C:\\xampp\\htdocs\\laravel-projects\\e-commerce-api\\app\\Listeners\\AssignCustomerRole.php(30): Spatie\\Permission\\Models\\Role::findByName()\n#2 C:\\xampp\\htdocs\\laravel-projects\\e-commerce-api\\app\\Listeners\\AssignCustomerRole.php(25): App\\Listeners\\AssignCustomerRole->assignCustomerRole()\n#3 C:\\xampp\\htdocs\\laravel-projects\\e-commerce-api\\vendor\\laravel\\framework\\src\\Illuminate\\Events\\Dispatcher.php(519): App\\Listeners\\AssignCustomerRole->handle()\n#4 C:\\xampp\\htdocs\\laravel-projects\\e-commerce-api\\vendor\\laravel\\framework\\src\\Illuminate\\Events\\Dispatcher.php(329): Illuminate\\Events\\Dispatcher->Illuminate\\Events\\{closure}()\n#5 C:\\xampp\\htdocs\\laravel-projects\\e-commerce-api\\vendor\\laravel\\framework\\src\\Illuminate\\Events\\Dispatcher.php(309): Illuminate\\Events\\Dispatcher->invokeListeners()\n#6 C:\\xampp\\htdocs\\laravel-projects\\e-commerce-api\\vendor\\laravel\\framework\\src\\Illuminate\\Foundation\\helpers.php(505): Illuminate\\Events\\Dispatcher->dispatch()\n#7 C:\\xampp\\htdocs\\laravel-projects\\e-commerce-api\\app\\Actions\\Auth\\RegisterAction.php(15): event()\n#8 C:\\xampp\\htdocs\\laravel-projects\\e-commerce-api\\app\\Http\\Controllers\\Api\\v1\\Auth\\RegisterController.php(16): App\\Actions\\Auth\\RegisterAction->execute()\n#9 C:\\xampp\\htdocs\\laravel-projects\\e-commerce-api\\vendor\\laravel\\framework\\src\\Illuminate\\Routing\\ControllerDispatcher.php(46): App\\Http\\Controllers\\Api\\v1\\Auth\\RegisterController->__invoke()\n#10 C:\\xampp\\htdocs\\laravel-projects\\e-commerce-api\\vendor\\laravel\\framework\\src\\Illuminate\\Routing\\Route.php(275): Illuminate\\Routing\\ControllerDispatcher->dispatch()\n#11 C:\\xampp\\htdocs\\laravel-projects\\e-commerce-api\\vendor\\laravel\\framework\\src\\Illuminate\\Routing\\Route.php(215): Illuminate\\Routing\\Route->runController()\n#12 C:\\xampp\\htdocs\\laravel-projects\\e-commerce-api\\vendor\\laravel\\framework\\src\\Illuminate\\Routing\\Router.php(822): Illuminate\\Routing\\Route->run()\n#13 C:\\xampp\\htdocs\\laravel-projects\\e-commerce-api\\vendor\\laravel\\framework\\src\\Illuminate\\Pipeline\\Pipeline.php(180): Illuminate\\Routing\\Router->Illuminate\\Routing\\{closure}()\n#14 C:\\xampp\\htdocs\\laravel-projects\\e-commerce-api\\vendor\\laravel\\framework\\src\\Illuminate\\Routing\\Middleware\\SubstituteBindings.php(52): Illuminate\\Pipeline\\Pipeline->Illuminate\\Pipeline\\{closure}()\n#15 C:\\xampp\\htdocs\\laravel-projects\\e-commerce-api\\vendor\\laravel\\framework\\src\\Illuminate\\Pipeline\\Pipeline.php(219): Illuminate\\Routing\\Middleware\\SubstituteBindings->handle()\n#16 C:\\xampp\\htdocs\\laravel-projects\\e-commerce-api\\vendor\\laravel\\framework\\src\\Illuminate\\Pipeline\\Pipeline.php(137): Illuminate\\Pipeline\\Pipeline->Illuminate\\Pipeline\\{closure}()\n#17 C:\\xampp\\htdocs\\laravel-projects\\e-commerce-api\\vendor\\laravel\\framework\\src\\Illuminate\\Routing\\Router.php(821): Illuminate\\Pipeline\\Pipeline->then()\n#18 C:\\xampp\\htdocs\\laravel-projects\\e-commerce-api\\vendor\\laravel\\framework\\src\\Illuminate\\Routing\\Router.php(800): Illuminate\\Routing\\Router->runRouteWithinStack()\n#19 C:\\xampp\\htdocs\\laravel-projects\\e-commerce-api\\vendor\\laravel\\framework\\src\\Illuminate\\Routing\\Router.php(764): Illuminate\\Routing\\Router->runRoute()\n#20 C:\\xampp\\htdocs\\laravel-projects\\e-commerce-api\\vendor\\laravel\\framework\\src\\Illuminate\\Routing\\Router.php(753): Illuminate\\Routing\\Router->dispatchToRoute()\n#21 C:\\xampp\\htdocs\\laravel-projects\\e-commerce-api\\vendor\\laravel\\framework\\src\\Illuminate\\Foundation\\Http\\Kernel.php(200): Illuminate\\Routing\\Router->dispatch()\n#22 C:\\xampp\\htdocs\\laravel-projects\\e-commerce-api\\vendor\\laravel\\framework\\src\\Illuminate\\Pipeline\\Pipeline.php(180): Illuminate\\Foundation\\Http\\Kernel->Illuminate\\Foundation\\Http\\{closure}()\n#23 C:\\xampp\\htdocs\\laravel-projects\\e-commerce-api\\vendor\\laravel\\framework\\src\\Illuminate\\Foundation\\Http\\Middleware\\TransformsRequest.php(21): Illuminate\\Pipeline\\Pipeline->Illuminate\\Pipeline\\{closure}()\n#24 C:\\xampp\\htdocs\\laravel-projects\\e-commerce-api\\vendor\\laravel\\framework\\src\\Illuminate\\Foundation\\Http\\Middleware\\ConvertEmptyStringsToNull.php(31): Illuminate\\Foundation\\Http\\Middleware\\TransformsRequest->handle()\n#25 C:\\xampp\\htdocs\\laravel-projects\\e-commerce-api\\vendor\\laravel\\framework\\src\\Illuminate\\Pipeline\\Pipeline.php(219): Illuminate\\Foundation\\Http\\Middleware\\ConvertEmptyStringsToNull->handle()\n#26 C:\\xampp\\htdocs\\laravel-projects\\e-commerce-api\\vendor\\laravel\\framework\\src\\Illuminate\\Foundation\\Http\\Middleware\\TransformsRequest.php(21): Illuminate\\Pipeline\\Pipeline->Illuminate\\Pipeline\\{closure}()\n#27 C:\\xampp\\htdocs\\laravel-projects\\e-commerce-api\\vendor\\laravel\\framework\\src\\Illuminate\\Foundation\\Http\\Middleware\\TrimStrings.php(51): Illuminate\\Foundation\\Http\\Middleware\\TransformsRequest->handle()\n#28 C:\\xampp\\htdocs\\laravel-projects\\e-commerce-api\\vendor\\laravel\\framework\\src\\Illuminate\\Pipeline\\Pipeline.php(219): Illuminate\\Foundation\\Http\\Middleware\\TrimStrings->handle()\n#29 C:\\xampp\\htdocs\\laravel-projects\\e-commerce-api\\vendor\\laravel\\framework\\src\\Illuminate\\Http\\Middleware\\ValidatePostSize.php(27): Illuminate\\Pipeline\\Pipeline->Illuminate\\Pipeline\\{closure}()\n#30 C:\\xampp\\htdocs\\laravel-projects\\e-commerce-api\\vendor\\laravel\\framework\\src\\Illuminate\\Pipeline\\Pipeline.php(219): Illuminate\\Http\\Middleware\\ValidatePostSize->handle()\n#31 C:\\xampp\\htdocs\\laravel-projects\\e-commerce-api\\vendor\\laravel\\framework\\src\\Illuminate\\Foundation\\Http\\Middleware\\PreventRequestsDuringMaintenance.php(109): Illuminate\\Pipeline\\Pipeline->Illuminate\\Pipeline\\{closure}()\n#32 C:\\xampp\\htdocs\\laravel-projects\\e-commerce-api\\vendor\\laravel\\framework\\src\\Illuminate\\Pipeline\\Pipeline.php(219): Illuminate\\Foundation\\Http\\Middleware\\PreventRequestsDuringMaintenance->handle()\n#33 C:\\xampp\\htdocs\\laravel-projects\\e-commerce-api\\vendor\\laravel\\framework\\src\\Illuminate\\Http\\Middleware\\HandleCors.php(74): Illuminate\\Pipeline\\Pipeline->Illuminate\\Pipeline\\{closure}()\n#34 C:\\xampp\\htdocs\\laravel-projects\\e-commerce-api\\vendor\\laravel\\framework\\src\\Illuminate\\Pipeline\\Pipeline.php(219): Illuminate\\Http\\Middleware\\HandleCors->handle()\n#35 C:\\xampp\\htdocs\\laravel-projects\\e-commerce-api\\vendor\\laravel\\framework\\src\\Illuminate\\Http\\Middleware\\TrustProxies.php(58): Illuminate\\Pipeline\\Pipeline->Illuminate\\Pipeline\\{closure}()\n#36 C:\\xampp\\htdocs\\laravel-projects\\e-commerce-api\\vendor\\laravel\\framework\\src\\Illuminate\\Pipeline\\Pipeline.php(219): Illuminate\\Http\\Middleware\\TrustProxies->handle()\n#37 C:\\xampp\\htdocs\\laravel-projects\\e-commerce-api\\vendor\\laravel\\framework\\src\\Illuminate\\Foundation\\Http\\Middleware\\InvokeDeferredCallbacks.php(22): Illuminate\\Pipeline\\Pipeline->Illuminate\\Pipeline\\{closure}()\n#38 C:\\xampp\\htdocs\\laravel-projects\\e-commerce-api\\vendor\\laravel\\framework\\src\\Illuminate\\Pipeline\\Pipeline.php(219): Illuminate\\Foundation\\Http\\Middleware\\InvokeDeferredCallbacks->handle()\n#39 C:\\xampp\\htdocs\\laravel-projects\\e-commerce-api\\vendor\\laravel\\framework\\src\\Illuminate\\Http\\Middleware\\ValidatePathEncoding.php(28): Illuminate\\Pipeline\\Pipeline->Illuminate\\Pipeline\\{closure}()\n#40 C:\\xampp\\htdocs\\laravel-projects\\e-commerce-api\\vendor\\laravel\\framework\\src\\Illuminate\\Pipeline\\Pipeline.php(219): Illuminate\\Http\\Middleware\\ValidatePathEncoding->handle()\n#41 C:\\xampp\\htdocs\\laravel-projects\\e-commerce-api\\app\\Http\\Middleware\\SetLocale.php(18): Illuminate\\Pipeline\\Pipeline->Illuminate\\Pipeline\\{closure}()\n#42 C:\\xampp\\htdocs\\laravel-projects\\e-commerce-api\\vendor\\laravel\\framework\\src\\Illuminate\\Pipeline\\Pipeline.php(219): App\\Http\\Middleware\\SetLocale->handle()\n#43 C:\\xampp\\htdocs\\laravel-projects\\e-commerce-api\\vendor\\laravel\\framework\\src\\Illuminate\\Pipeline\\Pipeline.php(137): Illuminate\\Pipeline\\Pipeline->Illuminate\\Pipeline\\{closure}()\n#44 C:\\xampp\\htdocs\\laravel-projects\\e-commerce-api\\vendor\\laravel\\framework\\src\\Illuminate\\Foundation\\Http\\Kernel.php(175): Illuminate\\Pipeline\\Pipeline->then()\n#45 C:\\xampp\\htdocs\\laravel-projects\\e-commerce-api\\vendor\\laravel\\framework\\src\\Illuminate\\Foundation\\Http\\Kernel.php(144): Illuminate\\Foundation\\Http\\Kernel->sendRequestThroughRouter()\n#46 C:\\xampp\\htdocs\\laravel-projects\\e-commerce-api\\vendor\\laravel\\framework\\src\\Illuminate\\Foundation\\Testing\\Concerns\\MakesHttpRequests.php(607): Illuminate\\Foundation\\Http\\Kernel->handle()\n#47 C:\\xampp\\htdocs\\laravel-projects\\e-commerce-api\\vendor\\laravel\\framework\\src\\Illuminate\\Foundation\\Testing\\Concerns\\MakesHttpRequests.php(573): Illuminate\\Foundation\\Testing\\TestCase->call()\n#48 C:\\xampp\\htdocs\\laravel-projects\\e-commerce-api\\vendor\\laravel\\framework\\src\\Illuminate\\Foundation\\Testing\\Concerns\\MakesHttpRequests.php(411): Illuminate\\Foundation\\Testing\\TestCase->json()\n#49 C:\\xampp\\htdocs\\laravel-projects\\e-commerce-api\\tests\\Feature\\AuthFlowTest.php(22): Illuminate\\Foundation\\Testing\\TestCase->postJson()\n#50 C:\\xampp\\htdocs\\laravel-projects\\e-commerce-api\\vendor\\phpunit\\phpunit\\src\\Framework\\TestCase.php(1318): Tests\\Feature\\AuthFlowTest->test_user_can_register()\n#51 C:\\xampp\\htdocs\\laravel-projects\\e-commerce-api\\vendor\\phpunit\\phpunit\\src\\Framework\\TestCase.php(1355): PHPUnit\\Framework\\TestCase->invokeTestMethod()\n#52 C:\\xampp\\htdocs\\laravel-projects\\e-commerce-api\\vendor\\phpunit\\phpunit\\src\\Framework\\TestCase.php(521): PHPUnit\\Framework\\TestCase->runTest()\n#53 C:\\xampp\\htdocs\\laravel-projects\\e-commerce-api\\vendor\\phpunit\\phpunit\\src\\Framework\\TestRunner\\TestRunner.php(99): PHPUnit\\Framework\\TestCase->runBare()\n#54 C:\\xampp\\htdocs\\laravel-projects\\e-commerce-api\\vendor\\phpunit\\phpunit\\src\\Framework\\TestCase.php(361): PHPUnit\\Framework\\TestRunner->run()\n#55 C:\\xampp\\htdocs\\laravel-projects\\e-commerce-api\\vendor\\phpunit\\phpunit\\src\\Framework\\TestSuite.php(374): PHPUnit\\Framework\\TestCase->run()\n#56 C:\\xampp\\htdocs\\laravel-projects\\e-commerce-api\\vendor\\phpunit\\phpunit\\src\\Framework\\TestSuite.php(374): PHPUnit\\Framework\\TestSuite->run()\n#57 C:\\xampp\\htdocs\\laravel-projects\\e-commerce-api\\vendor\\phpunit\\phpunit\\src\\Framework\\TestSuite.php(374): PHPUnit\\Framework\\TestSuite->run()\n#58 C:\\xampp\\htdocs\\laravel-projects\\e-commerce-api\\vendor\\phpunit\\phpunit\\src\\TextUI\\TestRunner.php(64): PHPUnit\\Framework\\TestSuite->run()\n#59 C:\\xampp\\htdocs\\laravel-projects\\e-commerce-api\\vendor\\phpunit\\phpunit\\src\\TextUI\\Application.php(229): PHPUnit\\TextUI\\TestRunner->run()\n#60 C:\\xampp\\htdocs\\laravel-projects\\e-commerce-api\\vendor\\phpunit\\phpunit\\phpunit(104): PHPUnit\\TextUI\\Application->run()\n#61 C:\\xampp\\htdocs\\laravel-projects\\e-commerce-api\\vendor\\bin\\phpunit(122): include('...')\n#62 {main}\n\n----------------------------------------------------------------------------------\n\nThere is no role named `customer` for guard `api`."}]}
